
> bethlehem@0.1.0 build
> next build

??Next.js 16.1.6 (Turbopack)

  Creating an optimized production build ...
node.exe : 
위치 줄:1 문자:1
+ & "C:\Program Files\nodejs/node.exe
" "C:\Program Files\nodejs/node_mo ..
.
+ ~~~~~~~~~~~~~~~~~~~~~~~~~~~~~~~~~~~
~~~~~~~~~~~~~~~~~~~~~~~~~~~~~~~~~~
    + CategoryInfo          : NotSp  
  ecified: (:String) [], RemoteEx    
ception
    + FullyQualifiedErrorId : Nativ  
  eCommandError
 
> Build error occurred
Error: Turbopack build failed with 6 
errors:
./src/app/news/freeboard/page.tsx:32:
17
Parsing ecmascript source code failed
[0m [90m 30 |[39m           [33m<
[39m[33m/[39m[33mmotion[39m[33m
.[39mdiv[33m>[39m
 [90m 31 |[39m         [33m<[39m
[33m/[39m[33mdiv[39m[33m>[39m
[31m[1m>[22m[39m[90m 32 |[39m  
     [33m<[39m[33m/[39m[33msecti
on[39m[33m>[39m
 [90m    |[39m                 [31
m[1m^[22m[39m
[31m[1m>[22m[39m[90m 33 |[39m
 [90m    |[39m [31m[1m^[22m[39m
[31m[1m>[22m[39m[90m 34 |[39m  
     [33m<[39m[33msection[39m cla
ssName[33m=[39m[32m"py-24"[39m[3
3m>[39m
 [90m    |[39m [31m[1m^[22m[39m
[31m[1m^[22m[39m[31m[1m^[22m[
39m[31m[1m^[22m[39m[31m[1m^[22
m[39m[31m[1m^[22m[39m[31m[1m^
[22m[39m
 [90m 35 |[39m         [33m<[39m
[33mdiv[39m className[33m=[39m[32
m"container mx-auto px-6 text-center"
[39m[33m>[39m
 [90m 36 |[39m           [33m<[39
m[33mh2[39m className[33m=[39m[3
2m"text-2xl font-bold mb-4"[39m[33m
>[39m怨?李얠븘逾숆쿋?듬땲??[33m<[39m[33m/[
39m[33mh2[39m[33m>[39m
 [90m 37 |[39m           [33m<[39
m[33mp[39m className[33m=[39m[32
m"text-muted-foreground"[39m[33m>[
39m???섏? ?먰솢???쒕퉬?ㅻ? ?꾪빐 ?섏씠吏瑜?以鍮?以
묒엯?덈떎[33m.[39m ?좎떆留?湲곕떎?ㅼ＜?몄슂[33m.
[39m[33m<[39m[33m/[39m[33mp[39
m[33m>[39m[0m

Expected '</', got 'jsx text'


./src/app/news/gallery/events/page.ts
x:32:17
Parsing ecmascript source code failed
[0m [90m 30 |[39m           [33m<
[39m[33m/[39m[33mmotion[39m[33m
.[39mdiv[33m>[39m
 [90m 31 |[39m         [33m<[39m
[33m/[39m[33mdiv[39m[33m>[39m
[31m[1m>[22m[39m[90m 32 |[39m  
     [33m<[39m[33m/[39m[33msecti
on[39m[33m>[39m
 [90m    |[39m                 [31
m[1m^[22m[39m
[31m[1m>[22m[39m[90m 33 |[39m
 [90m    |[39m [31m[1m^[22m[39m
[31m[1m>[22m[39m[90m 34 |[39m  
     [33m<[39m[33msection[39m cla
ssName[33m=[39m[32m"py-24"[39m[3
3m>[39m
 [90m    |[39m [31m[1m^[22m[39m
[31m[1m^[22m[39m[31m[1m^[22m[
39m[31m[1m^[22m[39m[31m[1m^[22
m[39m[31m[1m^[22m[39m[31m[1m^
[22m[39m
 [90m 35 |[39m         [33m<[39m
[33mdiv[39m className[33m=[39m[32
m"container mx-auto px-6 text-center"
[39m[33m>[39m
 [90m 36 |[39m           [33m<[39
m[33mh2[39m className[33m=[39m[3
2m"text-2xl font-bold mb-4"[39m[33m
>[39m怨?李얠븘逾숆쿋?듬땲??[33m<[39m[33m/[
39m[33mh2[39m[33m>[39m
 [90m 37 |[39m           [33m<[39
m[33mp[39m className[33m=[39m[32
m"text-muted-foreground"[39m[33m>[
39m???섏? ?먰솢???쒕퉬?ㅻ? ?꾪빐 ?섏씠吏瑜?以鍮?以
묒엯?덈떎[33m.[39m ?좎떆留?湲곕떎?ㅼ＜?몄슂[33m.
[39m[33m<[39m[33m/[39m[33mp[39
m[33m>[39m[0m

Expected '</', got 'jsx text'


./src/app/news/gallery/photos/page.ts
x:32:17
Parsing ecmascript source code failed
[0m [90m 30 |[39m           [33m<
[39m[33m/[39m[33mmotion[39m[33m
.[39mdiv[33m>[39m
 [90m 31 |[39m         [33m<[39m
[33m/[39m[33mdiv[39m[33m>[39m
[31m[1m>[22m[39m[90m 32 |[39m  
     [33m<[39m[33m/[39m[33msecti
on[39m[33m>[39m
 [90m    |[39m                 [31
m[1m^[22m[39m
[31m[1m>[22m[39m[90m 33 |[39m
 [90m    |[39m [31m[1m^[22m[39m
[31m[1m>[22m[39m[90m 34 |[39m  
     [33m<[39m[33msection[39m cla
ssName[33m=[39m[32m"py-24"[39m[3
3m>[39m
 [90m    |[39m [31m[1m^[22m[39m
[31m[1m^[22m[39m[31m[1m^[22m[
39m[31m[1m^[22m[39m[31m[1m^[22
m[39m[31m[1m^[22m[39m[31m[1m^
[22m[39m
 [90m 35 |[39m         [33m<[39m
[33mdiv[39m className[33m=[39m[32
m"container mx-auto px-6 text-center"
[39m[33m>[39m
 [90m 36 |[39m           [33m<[39
m[33mh2[39m className[33m=[39m[3
2m"text-2xl font-bold mb-4"[39m[33m
>[39m怨?李얠븘逾숆쿋?듬땲??[33m<[39m[33m/[
39m[33mh2[39m[33m>[39m
 [90m 37 |[39m           [33m<[39
m[33mp[39m className[33m=[39m[32
m"text-muted-foreground"[39m[33m>[
39m???섏? ?먰솢???쒕퉬?ㅻ? ?꾪빐 ?섏씠吏瑜?以鍮?以
묒엯?덈떎[33m.[39m ?좎떆留?湲곕떎?ㅼ＜?몄슂[33m.
[39m[33m<[39m[33m/[39m[33mp[39
m[33m>[39m[0m

Expected '</', got 'jsx text'


./src/app/news/gallery/story/page.tsx
:32:17
Parsing ecmascript source code failed
[0m [90m 30 |[39m           [33m<
[39m[33m/[39m[33mmotion[39m[33m
.[39mdiv[33m>[39m
 [90m 31 |[39m         [33m<[39m
[33m/[39m[33mdiv[39m[33m>[39m
[31m[1m>[22m[39m[90m 32 |[39m  
     [33m<[39m[33m/[39m[33msecti
on[39m[33m>[39m
 [90m    |[39m                 [31
m[1m^[22m[39m
[31m[1m>[22m[39m[90m 33 |[39m
 [90m    |[39m [31m[1m^[22m[39m
[31m[1m>[22m[39m[90m 34 |[39m  
     [33m<[39m[33msection[39m cla
ssName[33m=[39m[32m"py-24"[39m[3
3m>[39m
 [90m    |[39m [31m[1m^[22m[39m
[31m[1m^[22m[39m[31m[1m^[22m[
39m[31m[1m^[22m[39m[31m[1m^[22
m[39m[31m[1m^[22m[39m[31m[1m^
[22m[39m
 [90m 35 |[39m         [33m<[39m
[33mdiv[39m className[33m=[39m[32
m"container mx-auto px-6 text-center"
[39m[33m>[39m
 [90m 36 |[39m           [33m<[39
m[33mh2[39m className[33m=[39m[3
2m"text-2xl font-bold mb-4"[39m[33m
>[39m怨?李얠븘逾숆쿋?듬땲??[33m<[39m[33m/[
39m[33mh2[39m[33m>[39m
 [90m 37 |[39m           [33m<[39
m[33mp[39m className[33m=[39m[32
m"text-muted-foreground"[39m[33m>[
39m???섏? ?먰솢???쒕퉬?ㅻ? ?꾪빐 ?섏씠吏瑜?以鍮?以
묒엯?덈떎[33m.[39m ?좎떆留?湲곕떎?ㅼ＜?몄슂[33m.
[39m[33m<[39m[33m/[39m[33mp[39
m[33m>[39m[0m

Expected '</', got 'jsx text'


./src/app/news/gallery/visit/page.tsx
:32:17
Parsing ecmascript source code failed
[0m [90m 30 |[39m           [33m<
[39m[33m/[39m[33mmotion[39m[33m
.[39mdiv[33m>[39m
 [90m 31 |[39m         [33m<[39m
[33m/[39m[33mdiv[39m[33m>[39m
[31m[1m>[22m[39m[90m 32 |[39m  
     [33m<[39m[33m/[39m[33msecti
on[39m[33m>[39m
 [90m    |[39m                 [31
m[1m^[22m[39m
[31m[1m>[22m[39m[90m 33 |[39m
 [90m    |[39m [31m[1m^[22m[39m
[31m[1m>[22m[39m[90m 34 |[39m  
     [33m<[39m[33msection[39m cla
ssName[33m=[39m[32m"py-24"[39m[3
3m>[39m
 [90m    |[39m [31m[1m^[22m[39m
[31m[1m^[22m[39m[31m[1m^[22m[
39m[31m[1m^[22m[39m[31m[1m^[22
m[39m[31m[1m^[22m[39m[31m[1m^
[22m[39m
 [90m 35 |[39m         [33m<[39m
[33mdiv[39m className[33m=[39m[32
m"container mx-auto px-6 text-center"
[39m[33m>[39m
 [90m 36 |[39m           [33m<[39
m[33mh2[39m className[33m=[39m[3
2m"text-2xl font-bold mb-4"[39m[33m
>[39m怨?李얠븘逾숆쿋?듬땲??[33m<[39m[33m/[
39m[33mh2[39m[33m>[39m
 [90m 37 |[39m           [33m<[39
m[33mp[39m className[33m=[39m[32
m"text-muted-foreground"[39m[33m>[
39m???섏? ?먰솢???쒕퉬?ㅻ? ?꾪빐 ?섏씠吏瑜?以鍮?以
묒엯?덈떎[33m.[39m ?좎떆留?湲곕떎?ㅼ＜?몄슂[33m.
[39m[33m<[39m[33m/[39m[33mp[39
m[33m>[39m[0m

Expected '</', got 'jsx text'


./src/app/news/newsletter/page.tsx:32
:17
Parsing ecmascript source code failed
[0m [90m 30 |[39m           [33m<
[39m[33m/[39m[33mmotion[39m[33m
.[39mdiv[33m>[39m
 [90m 31 |[39m         [33m<[39m
[33m/[39m[33mdiv[39m[33m>[39m
[31m[1m>[22m[39m[90m 32 |[39m  
     [33m<[39m[33m/[39m[33msecti
on[39m[33m>[39m
 [90m    |[39m                 [31
m[1m^[22m[39m
[31m[1m>[22m[39m[90m 33 |[39m
 [90m    |[39m [31m[1m^[22m[39m
[31m[1m>[22m[39m[90m 34 |[39m  
     [33m<[39m[33msection[39m cla
ssName[33m=[39m[32m"py-24"[39m[3
3m>[39m
 [90m    |[39m [31m[1m^[22m[39m
[31m[1m^[22m[39m[31m[1m^[22m[
39m[31m[1m^[22m[39m[31m[1m^[22
m[39m[31m[1m^[22m[39m[31m[1m^
[22m[39m
 [90m 35 |[39m         [33m<[39m
[33mdiv[39m className[33m=[39m[32
m"container mx-auto px-6 text-center"
[39m[33m>[39m
 [90m 36 |[39m           [33m<[39
m[33mh2[39m className[33m=[39m[3
2m"text-2xl font-bold mb-4"[39m[33m
>[39m怨?李얠븘逾숆쿋?듬땲??[33m<[39m[33m/[
39m[33mh2[39m[33m>[39m
 [90m 37 |[39m           [33m<[39
m[33mp[39m className[33m=[39m[32
m"text-muted-foreground"[39m[33m>[
39m???섏? ?먰솢???쒕퉬?ㅻ? ?꾪빐 ?섏씠吏瑜?以鍮?以
묒엯?덈떎[33m.[39m ?좎떆留?湲곕떎?ㅼ＜?몄슂[33m.
[39m[33m<[39m[33m/[39m[33mp[39
m[33m>[39m[0m

Expected '</', got 'jsx text'


    at <unknown> (./src/app/news/free
board/page.tsx:32:17)
    at <unknown> (./src/app/news/gall
ery/events/page.tsx:32:17)
    at <unknown> (./src/app/news/gall
ery/photos/page.tsx:32:17)
    at <unknown> (./src/app/news/gall
ery/story/page.tsx:32:17)
    at <unknown> (./src/app/news/gall
ery/visit/page.tsx:32:17)
    at <unknown> (./src/app/news/news
letter/page.tsx:32:17)
